// Jest Snapshot v1, https://goo.gl/fbAQLP

exports[`<Footer/> if Footer component renders 1`] = `ShallowWrapper {}`;
