// Jest Snapshot v1, https://goo.gl/fbAQLP

exports[`<Header/> if Header component renders 1`] = `ShallowWrapper {}`;
